
> jjgpaperbag-v2@0.0.0 build
> vite build

[36mvite v7.3.1 [32mbuilding client environment for production...[36m[39m
node.exe : file:///C:/Users/User/OneDrive/%E6%96%87%E4%BB%
B6/Antigravity/JJGPack-New/node_modules/vite/dist/node/chu
nks/config.js:23919
位於 線路:1 字元:1
+ & "C:\Program Files\nodejs/node.exe" "C:\Program Files\n
odejs/node_mo ...
+ ~~~~~~~~~~~~~~~~~~~~~~~~~~~~~~~~~~~~~~~~~~~~~~~~~~~~~~~~
~~~~~~~~~~~~~
    + CategoryInfo          : NotSpecified: (file:///C:/U 
   ser...config.js:23919:String) [], RemoteException
    + FullyQualifiedErrorId : NativeCommandError
 
										if (!resolved) return Promise.reject(/* @__PURE_
_ */ new Error(`Failed to resolve ${url$3} from ${id}`));
										                                                
     ^

Error: Failed to resolve /JJGPACK/main.js from C:/Users/Us
er/OneDrive/?辣/Antigravity/JJGPack-New/about.html
    at file:///C:/Users/User/OneDrive/%E6%96%87%E4%BB%B6/A
ntigravity/JJGPack-New/node_modules/vite/dist/node/chunks/
config.js:23919:64

Node.js v24.14.0
